"","V1","V2","V3"
"1",0.9994,1,1
"2",0.978484,1,1
"3",0.991902,1,1
"4",0.991582,0.996754,0.99661
"5",0.9605,0.998078,0.999976
"6",0.95992,0.99923,0.999832
